≡ƒÜÇ Starting Auth Flow Test...
Test User: {
  email: 'test_1764089640729@example.com',
  name: 'Test User',
  password: 'password123'
}

1∩╕ÅΓâú  Testing Registration...
node : Γ¥î Registration 
failed: { error: 'Failed to 
send verification email' }
At line:1 char:1
+ node test-auth-flow.js > 
test_output.txt 2>&1
+ ~~~~~~~~~~~~~~~~~~~~~~~~~~~
~~~~~~~~~~~~~~~~~~
    + CategoryInfo           
   : NotSpecified: (Γ¥î Reg  
  istratio...cation email'   
  }:String) [], RemoteExc    
eption
    + FullyQualifiedErrorId  
   : NativeCommandError
 
